let () =
  Alcotest.run "Main" [
    "Primary", [
      "Capit", `Quick, Primary_tests.test_capit;
      "Capit another", `Quick, Primary_tests.test_capit_another;
      "Plus", `Quick, Primary_tests.test_plus;
    ];
    "Secondary", [
      "Capit", `Quick, Secondary_tests.test_capit;
      "Capit another4", `Quick, Secondary_tests.test_capit_another4;
      "Plus", `Quick, Secondary_tests.test_plus;
    ];
  ]
