open OUnit2

let () =
  run_test_tt_main (
    "All tests" >::: [
      "Secondary_tests.test_in_secondary" >:: 
        ( fun v ->
          let () = Unix.putenv "DRYUNIT_CTX" "fqdn=Secondary_tests.test_in_secondary|suite=Secondary|name=In secondary|loc=[3,12+4]..[3,12+21]|path=test/context/ounit/secondary_tests.ml" in
          Secondary_tests.test_in_secondary v
        );

      "Tests.test1" >:: 
        ( fun v ->
          let () = Unix.putenv "DRYUNIT_CTX" "fqdn=Tests.test1|suite=Tests|name=Test1|loc=[3,13+4]..[3,13+9]|path=test/context/ounit/tests.ml" in
          Tests.test1 v
        );
      "Tests.test2" >:: 
        ( fun v ->
          let () = Unix.putenv "DRYUNIT_CTX" "fqdn=Tests.test2|suite=Tests|name=Test2|loc=[6,74+4]..[6,74+9]|path=test/context/ounit/tests.ml" in
          Tests.test2 v
        );

    ]
  )
